Archive member included to satisfy reference by file (symbol)

c:/st/stm32cubeide_1.6.0/stm32cubeide/plugins/com.st.stm32cube.ide.mcu.externaltools.gnu-tools-for-stm32.10.3-2021.10.win32_1.0.0.202111181127/tools/bin/../lib/gcc/arm-none-eabi/10.3.1/../../../../arm-none-eabi/lib/thumb/v7e-m+fp/hard\libc_nano.a(lib_a-errno.o)
                              ./Core/Src/syscalls.o (__errno)
c:/st/stm32cubeide_1.6.0/stm32cubeide/plugins/com.st.stm32cube.ide.mcu.externaltools.gnu-tools-for-stm32.10.3-2021.10.win32_1.0.0.202111181127/tools/bin/../lib/gcc/arm-none-eabi/10.3.1/../../../../arm-none-eabi/lib/thumb/v7e-m+fp/hard\libc_nano.a(lib_a-exit.o)
                              c:/st/stm32cubeide_1.6.0/stm32cubeide/plugins/com.st.stm32cube.ide.mcu.externaltools.gnu-tools-for-stm32.10.3-2021.10.win32_1.0.0.202111181127/tools/bin/../lib/gcc/arm-none-eabi/10.3.1/../../../../arm-none-eabi/lib/thumb/v7e-m+fp/hard/crt0.o (exit)
c:/st/stm32cubeide_1.6.0/stm32cubeide/plugins/com.st.stm32cube.ide.mcu.externaltools.gnu-tools-for-stm32.10.3-2021.10.win32_1.0.0.202111181127/tools/bin/../lib/gcc/arm-none-eabi/10.3.1/../../../../arm-none-eabi/lib/thumb/v7e-m+fp/hard\libc_nano.a(lib_a-impure.o)
                              c:/st/stm32cubeide_1.6.0/stm32cubeide/plugins/com.st.stm32cube.ide.mcu.externaltools.gnu-tools-for-stm32.10.3-2021.10.win32_1.0.0.202111181127/tools/bin/../lib/gcc/arm-none-eabi/10.3.1/../../../../arm-none-eabi/lib/thumb/v7e-m+fp/hard\libc_nano.a(lib_a-exit.o) (_global_impure_ptr)
c:/st/stm32cubeide_1.6.0/stm32cubeide/plugins/com.st.stm32cube.ide.mcu.externaltools.gnu-tools-for-stm32.10.3-2021.10.win32_1.0.0.202111181127/tools/bin/../lib/gcc/arm-none-eabi/10.3.1/../../../../arm-none-eabi/lib/thumb/v7e-m+fp/hard\libc_nano.a(lib_a-init.o)
                              c:/st/stm32cubeide_1.6.0/stm32cubeide/plugins/com.st.stm32cube.ide.mcu.externaltools.gnu-tools-for-stm32.10.3-2021.10.win32_1.0.0.202111181127/tools/bin/../lib/gcc/arm-none-eabi/10.3.1/../../../../arm-none-eabi/lib/thumb/v7e-m+fp/hard/crt0.o (__libc_init_array)
c:/st/stm32cubeide_1.6.0/stm32cubeide/plugins/com.st.stm32cube.ide.mcu.externaltools.gnu-tools-for-stm32.10.3-2021.10.win32_1.0.0.202111181127/tools/bin/../lib/gcc/arm-none-eabi/10.3.1/../../../../arm-none-eabi/lib/thumb/v7e-m+fp/hard\libc_nano.a(lib_a-memcpy-stub.o)
                              ./Core/Src/main.o (memcpy)
c:/st/stm32cubeide_1.6.0/stm32cubeide/plugins/com.st.stm32cube.ide.mcu.externaltools.gnu-tools-for-stm32.10.3-2021.10.win32_1.0.0.202111181127/tools/bin/../lib/gcc/arm-none-eabi/10.3.1/../../../../arm-none-eabi/lib/thumb/v7e-m+fp/hard\libc_nano.a(lib_a-memset.o)
                              c:/st/stm32cubeide_1.6.0/stm32cubeide/plugins/com.st.stm32cube.ide.mcu.externaltools.gnu-tools-for-stm32.10.3-2021.10.win32_1.0.0.202111181127/tools/bin/../lib/gcc/arm-none-eabi/10.3.1/../../../../arm-none-eabi/lib/thumb/v7e-m+fp/hard/crt0.o (memset)
c:/st/stm32cubeide_1.6.0/stm32cubeide/plugins/com.st.stm32cube.ide.mcu.externaltools.gnu-tools-for-stm32.10.3-2021.10.win32_1.0.0.202111181127/tools/bin/../lib/gcc/arm-none-eabi/10.3.1/../../../../arm-none-eabi/lib/thumb/v7e-m+fp/hard\libc_nano.a(lib_a-strlen.o)
                              ./Core/Src/sdk_uart.o (strlen)
c:/st/stm32cubeide_1.6.0/stm32cubeide/plugins/com.st.stm32cube.ide.mcu.externaltools.gnu-tools-for-stm32.10.3-2021.10.win32_1.0.0.202111181127/tools/bin/../lib/gcc/arm-none-eabi/10.3.1/thumb/v7e-m+fp/hard\libgcc.a(_aeabi_uldivmod.o)
                              ./Drivers/STM32F4xx_HAL_Driver/Src/stm32f4xx_hal_rcc.o (__aeabi_uldivmod)
c:/st/stm32cubeide_1.6.0/stm32cubeide/plugins/com.st.stm32cube.ide.mcu.externaltools.gnu-tools-for-stm32.10.3-2021.10.win32_1.0.0.202111181127/tools/bin/../lib/gcc/arm-none-eabi/10.3.1/thumb/v7e-m+fp/hard\libgcc.a(_udivmoddi4.o)
                              c:/st/stm32cubeide_1.6.0/stm32cubeide/plugins/com.st.stm32cube.ide.mcu.externaltools.gnu-tools-for-stm32.10.3-2021.10.win32_1.0.0.202111181127/tools/bin/../lib/gcc/arm-none-eabi/10.3.1/thumb/v7e-m+fp/hard\libgcc.a(_aeabi_uldivmod.o) (__udivmoddi4)
c:/st/stm32cubeide_1.6.0/stm32cubeide/plugins/com.st.stm32cube.ide.mcu.externaltools.gnu-tools-for-stm32.10.3-2021.10.win32_1.0.0.202111181127/tools/bin/../lib/gcc/arm-none-eabi/10.3.1/thumb/v7e-m+fp/hard\libgcc.a(_dvmd_tls.o)
                              c:/st/stm32cubeide_1.6.0/stm32cubeide/plugins/com.st.stm32cube.ide.mcu.externaltools.gnu-tools-for-stm32.10.3-2021.10.win32_1.0.0.202111181127/tools/bin/../lib/gcc/arm-none-eabi/10.3.1/thumb/v7e-m+fp/hard\libgcc.a(_aeabi_uldivmod.o) (__aeabi_ldiv0)

Discarded input sections

 .text          0x0000000000000000        0x0 c:/st/stm32cubeide_1.6.0/stm32cubeide/plugins/com.st.stm32cube.ide.mcu.externaltools.gnu-tools-for-stm32.10.3-2021.10.win32_1.0.0.202111181127/tools/bin/../lib/gcc/arm-none-eabi/10.3.1/thumb/v7e-m+fp/hard/crti.o
[...]
Memory Configuration

Name             Origin             Length             Attributes
CCMRAM           0x0000000010000000 0x0000000000010000 xrw
RAM              0x0000000020000000 0x0000000000030000 xrw
FLASH            0x0000000008000000 0x0000000000200000 xr
*default*        0x0000000000000000 0xffffffffffffffff

Linker script and memory map

LOAD c:/st/stm32cubeide_1.6.0/stm32cubeide/plugins/com.st.stm32cube.ide.mcu.externaltools.gnu-tools-for-stm32.10.3-2021.10.win32_1.0.0.202111181127/tools/bin/../lib/gcc/arm-none-eabi/10.3.1/thumb/v7e-m+fp/hard/crti.o
LOAD c:/st/stm32cubeide_1.6.0/stm32cubeide/plugins/com.st.stm32cube.ide.mcu.externaltools.gnu-tools-for-stm32.10.3-2021.10.win32_1.0.0.202111181127/tools/bin/../lib/gcc/arm-none-eabi/10.3.1/thumb/v7e-m+fp/hard/crtbegin.o
LOAD c:/st/stm32cubeide_1.6.0/stm32cubeide/plugins/com.st.stm32cube.ide.mcu.externaltools.gnu-tools-for-stm32.10.3-2021.10.win32_1.0.0.202111181127/tools/bin/../lib/gcc/arm-none-eabi/10.3.1/../../../../arm-none-eabi/lib/thumb/v7e-m+fp/hard/crt0.o
LOAD ./Core/Src/buzzer.o
LOAD ./Core/Src/fronts.o
LOAD ./Core/Src/gpio.o
LOAD ./Core/Src/i2c.o
LOAD ./Core/Src/kb.o
LOAD ./Core/Src/main.o
LOAD ./Core/Src/oled.o
LOAD ./Core/Src/pca9538.o
LOAD ./Core/Src/sdk_uart.o
LOAD ./Core/Src/stm32f4xx_hal_msp.o
LOAD ./Core/Src/stm32f4xx_it.o
LOAD ./Core/Src/syscalls.o
LOAD ./Core/Src/sysmem.o
LOAD ./Core/Src/system_stm32f4xx.o
LOAD ./Core/Src/tim.o
LOAD ./Core/Src/usart.o
LOAD ./Core/Startup/startup_stm32f427vitx.o
LOAD ./Drivers/STM32F4xx_HAL_Driver/Src/stm32f4xx_hal.o
LOAD ./Drivers/STM32F4xx_HAL_Driver/Src/stm32f4xx_hal_cortex.o
LOAD ./Drivers/STM32F4xx_HAL_Driver/Src/stm32f4xx_hal_dma.o
LOAD ./Drivers/STM32F4xx_HAL_Driver/Src/stm32f4xx_hal_dma_ex.o
LOAD ./Drivers/STM32F4xx_HAL_Driver/Src/stm32f4xx_hal_exti.o
LOAD ./Drivers/STM32F4xx_HAL_Driver/Src/stm32f4xx_hal_flash.o
LOAD ./Drivers/STM32F4xx_HAL_Driver/Src/stm32f4xx_hal_flash_ex.o
LOAD ./Drivers/STM32F4xx_HAL_Driver/Src/stm32f4xx_hal_flash_ramfunc.o
LOAD ./Drivers/STM32F4xx_HAL_Driver/Src/stm32f4xx_hal_gpio.o
LOAD ./Drivers/STM32F4xx_HAL_Driver/Src/stm32f4xx_hal_i2c.o
LOAD ./Drivers/STM32F4xx_HAL_Driver/Src/stm32f4xx_hal_i2c_ex.o
LOAD ./Drivers/STM32F4xx_HAL_Driver/Src/stm32f4xx_hal_pwr.o
LOAD ./Drivers/STM32F4xx_HAL_Driver/Src/stm32f4xx_hal_pwr_ex.o
LOAD ./Drivers/STM32F4xx_HAL_Driver/Src/stm32f4xx_hal_rcc.o
LOAD ./Drivers/STM32F4xx_HAL_Driver/Src/stm32f4xx_hal_rcc_ex.o
LOAD ./Drivers/STM32F4xx_HAL_Driver/Src/stm32f4xx_hal_tim.o
LOAD ./Drivers/STM32F4xx_HAL_Driver/Src/stm32f4xx_hal_tim_ex.o
LOAD ./Drivers/STM32F4xx_HAL_Driver/Src/stm32f4xx_hal_uart.o
START GROUP
LOAD c:/st/stm32cubeide_1.6.0/stm32cubeide/plugins/com.st.stm32cube.ide.mcu.externaltools.gnu-tools-for-stm32.10.3-2021.10.win32_1.0.0.202111181127/tools/bin/../lib/gcc/arm-none-eabi/10.3.1/../../../../arm-none-eabi/lib/thumb/v7e-m+fp/hard\libc_nano.a
LOAD c:/st/stm32cubeide_1.6.0/stm32cubeide/plugins/com.st.stm32cube.ide.mcu.externaltools.gnu-tools-for-stm32.10.3-2021.10.win32_1.0.0.202111181127/tools/bin/../lib/gcc/arm-none-eabi/10.3.1/../../../../arm-none-eabi/lib/thumb/v7e-m+fp/hard\libm.a
END GROUP
START GROUP
LOAD c:/st/stm32cubeide_1.6.0/stm32cubeide/plugins/com.st.stm32cube.ide.mcu.externaltools.gnu-tools-for-stm32.10.3-2021.10.win32_1.0.0.202111181127/tools/bin/../lib/gcc/arm-none-eabi/10.3.1/thumb/v7e-m+fp/hard\libgcc.a
LOAD c:/st/stm32cubeide_1.6.0/stm32cubeide/plugins/com.st.stm32cube.ide.mcu.externaltools.gnu-tools-for-stm32.10.3-2021.10.win32_1.0.0.202111181127/tools/bin/../lib/gcc/arm-none-eabi/10.3.1/../../../../arm-none-eabi/lib/thumb/v7e-m+fp/hard\libc_nano.a
END GROUP
START GROUP
LOAD c:/st/stm32cubeide_1.6.0/stm32cubeide/plugins/com.st.stm32cube.ide.mcu.externaltools.gnu-tools-for-stm32.10.3-2021.10.win32_1.0.0.202111181127/tools/bin/../lib/gcc/arm-none-eabi/10.3.1/thumb/v7e-m+fp/hard\libgcc.a
LOAD c:/st/stm32cubeide_1.6.0/stm32cubeide/plugins/com.st.stm32cube.ide.mcu.externaltools.gnu-tools-for-stm32.10.3-2021.10.win32_1.0.0.202111181127/tools/bin/../lib/gcc/arm-none-eabi/10.3.1/../../../../arm-none-eabi/lib/thumb/v7e-m+fp/hard\libc_nano.a
LOAD c:/st/stm32cubeide_1.6.0/stm32cubeide/plugins/com.st.stm32cube.ide.mcu.externaltools.gnu-tools-for-stm32.10.3-2021.10.win32_1.0.0.202111181127/tools/bin/../lib/gcc/arm-none-eabi/10.3.1/../../../../arm-none-eabi/lib/thumb/v7e-m+fp/hard\libnosys.a
END GROUP
START GROUP
LOAD c:/st/stm32cubeide_1.6.0/stm32cubeide/plugins/com.st.stm32cube.ide.mcu.externaltools.gnu-tools-for-stm32.10.3-2021.10.win32_1.0.0.202111181127/tools/bin/../lib/gcc/arm-none-eabi/10.3.1/thumb/v7e-m+fp/hard\libgcc.a
LOAD c:/st/stm32cubeide_1.6.0/stm32cubeide/plugins/com.st.stm32cube.ide.mcu.externaltools.gnu-tools-for-stm32.10.3-2021.10.win32_1.0.0.202111181127/tools/bin/../lib/gcc/arm-none-eabi/10.3.1/../../../../arm-none-eabi/lib/thumb/v7e-m+fp/hard\libc_nano.a
LOAD c:/st/stm32cubeide_1.6.0/stm32cubeide/plugins/com.st.stm32cube.ide.mcu.externaltools.gnu-tools-for-stm32.10.3-2021.10.win32_1.0.0.202111181127/tools/bin/../lib/gcc/arm-none-eabi/10.3.1/../../../../arm-none-eabi/lib/thumb/v7e-m+fp/hard\libnosys.a
END GROUP
LOAD c:/st/stm32cubeide_1.6.0/stm32cubeide/plugins/com.st.stm32cube.ide.mcu.externaltools.gnu-tools-for-stm32.10.3-2021.10.win32_1.0.0.202111181127/tools/bin/../lib/gcc/arm-none-eabi/10.3.1/thumb/v7e-m+fp/hard/crtend.o
LOAD c:/st/stm32cubeide_1.6.0/stm32cubeide/plugins/com.st.stm32cube.ide.mcu.externaltools.gnu-tools-for-stm32.10.3-2021.10.win32_1.0.0.202111181127/tools/bin/../lib/gcc/arm-none-eabi/10.3.1/thumb/v7e-m+fp/hard/crtn.o
                0x0000000020030000                _estack = (ORIGIN (RAM) + LENGTH (RAM))
                0x0000000000000200                _Min_Heap_Size = 0x200
                0x0000000000000400                _Min_Stack_Size = 0x400

.isr_vector     0x0000000008000000      0x1ac
                0x0000000008000000                . = ALIGN (0x4)
 *(.isr_vector)
 .isr_vector    0x0000000008000000      0x1ac ./Core/Startup/startup_stm32f427vitx.o
                0x0000000008000000                g_pfnVectors
                0x00000000080001ac                . = ALIGN (0x4)

.text           0x00000000080001ac     0x4e84
                0x00000000080001ac                . = ALIGN (0x4)
 *(.text)
 .text          0x00000000080001ac       0x40 c:/st/stm32cubeide_1.6.0/stm32cubeide/plugins/com.st.stm32cube.ide.mcu.externaltools.gnu-tools-for-stm32.10.3-2021.10.win32_1.0.0.202111181127/tools/bin/../lib/gcc/arm-none-eabi/10.3.1/thumb/v7e-m+fp/hard/crtbegin.o
 .text          0x00000000080001ec       0x10 c:/st/stm32cubeide_1.6.0/stm32cubeide/plugins/com.st.stm32cube.ide.mcu.externaltools.gnu-tools-for-stm32.10.3-2021.10.win32_1.0.0.202111181127/tools/bin/../lib/gcc/arm-none-eabi/10.3.1/../../../../arm-none-eabi/lib/thumb/v7e-m+fp/hard\libc_nano.a(lib_a-strlen.o)
                0x00000000080001ec                strlen
 .text          0x00000000080001fc       0x30 c:/st/stm32cubeide_1.6.0/stm32cubeide/plugins/com.st.stm32cube.ide.mcu.externaltools.gnu-tools-for-stm32.10.3-2021.10.win32_1.0.0.202111181127/tools/bin/../lib/gcc/arm-none-eabi/10.3.1/thumb/v7e-m+fp/hard\libgcc.a(_aeabi_uldivmod.o)
                0x00000000080001fc                __aeabi_uldivmod
 .text          0x000000000800022c      0x2d0 c:/st/stm32cubeide_1.6.0/stm32cubeide/plugins/com.st.stm32cube.ide.mcu.externaltools.gnu-tools-for-stm32.10.3-2021.10.win32_1.0.0.202111181127/tools/bin/../lib/gcc/arm-none-eabi/10.3.1/thumb/v7e-m+fp/hard\libgcc.a(_udivmoddi4.o)
                0x000000000800022c                __udivmoddi4
 .text          0x00000000080004fc        0x4 c:/st/stm32cubeide_1.6.0/stm32cubeide/plugins/com.st.stm32cube.ide.mcu.externaltools.gnu-tools-for-stm32.10.3-2021.10.win32_1.0.0.202111181127/tools/bin/../lib/gcc/arm-none-eabi/10.3.1/thumb/v7e-m+fp/hard\libgcc.a(_dvmd_tls.o)
                0x00000000080004fc                __aeabi_idiv0
                0x00000000080004fc                __aeabi_ldiv0
 *(.text*)
 .text.Buzzer_Init
                0x0000000008000500       0x1c ./Core/Src/buzzer.o
                0x0000000008000500                Buzzer_Init
 .text.Buzzer_Set_Freq
                0x000000000800051c       0x30 ./Core/Src/buzzer.o
                0x000000000800051c                Buzzer_Set_Freq
 .text.Buzzer_Set_Volume
                0x000000000800054c       0x28 ./Core/Src/buzzer.o
                0x000000000800054c                Buzzer_Set_Volume
 .text.Buzzer_Play
                0x0000000008000574       0x90 ./Core/Src/buzzer.o
                0x0000000008000574                Buzzer_Play
 .text.MX_GPIO_Init
                0x0000000008000604       0xdc ./Core/Src/gpio.o
                0x0000000008000604                MX_GPIO_Init
 .text.MX_I2C1_Init
                0x00000000080006e0       0x80 ./Core/Src/i2c.o
                0x00000000080006e0                MX_I2C1_Init
 .text.HAL_I2C_MspInit
                0x0000000008000760       0x90 ./Core/Src/i2c.o
                0x0000000008000760                HAL_I2C_MspInit
 .text.Set_Keyboard
                0x00000000080007f0       0x64 ./Core/Src/kb.o
                0x00000000080007f0                Set_Keyboard
 .text.Check_Row
                0x0000000008000854      0x190 ./Core/Src/kb.o
                0x0000000008000854                Check_Row
 .text.main     0x00000000080009e4      0x100 ./Core/Src/main.o
                0x00000000080009e4                main
 .text.SystemClock_Config
                0x0000000008000ae4       0xc0 ./Core/Src/main.o
                0x0000000008000ae4                SystemClock_Config
 .text.key_prov
                0x0000000008000ba4       0x36 ./Core/Src/main.o
                0x0000000008000ba4                key_prov
 .text.key_prov1
                0x0000000008000bda       0x36 ./Core/Src/main.o
                0x0000000008000bda                key_prov1
 .text.key_prov2
                0x0000000008000c10       0x36 ./Core/Src/main.o
                0x0000000008000c10                key_prov2
 *fill*         0x0000000008000c46        0x2 
 .text.KB_Test  0x0000000008000c48      0x1c8 ./Core/Src/main.o
                0x0000000008000c48                KB_Test
 .text.OLED_KB  0x0000000008000e10       0x58 ./Core/Src/main.o
                0x0000000008000e10                OLED_KB
 .text.oled_Reset
                0x0000000008000e68       0x1a ./Core/Src/main.o
                0x0000000008000e68                oled_Reset
 .text.Error_Handler
                0x0000000008000e82        0xa ./Core/Src/main.o
                0x0000000008000e82                Error_Handler
 .text.oled_WriteCommand
                0x0000000008000e8c       0x30 ./Core/Src/oled.o
 .text.oled_Init
                0x0000000008000ebc       0xd8 ./Core/Src/oled.o
                0x0000000008000ebc                oled_Init
 .text.oled_Fill
                0x0000000008000f94       0x48 ./Core/Src/oled.o
                0x0000000008000f94                oled_Fill
 .text.oled_UpdateScreen
                0x0000000008000fdc       0x60 ./Core/Src/oled.o
                0x0000000008000fdc                oled_UpdateScreen
 .text.oled_DrawPixel
                0x000000000800103c       0xc0 ./Core/Src/oled.o
                0x000000000800103c                oled_DrawPixel
 .text.oled_WriteChar
                0x00000000080010fc      0x100 ./Core/Src/oled.o
                0x00000000080010fc                oled_WriteChar
 .text.oled_WriteString
                0x00000000080011fc       0x4c ./Core/Src/oled.o
                0x00000000080011fc                oled_WriteString
 .text.oled_SetCursor
                0x0000000008001248       0x30 ./Core/Src/oled.o
                0x0000000008001248                oled_SetCursor
 .text.PCA9538_Read_Register
                0x0000000008001278       0x40 ./Core/Src/pca9538.o
                0x0000000008001278                PCA9538_Read_Register
 .text.PCA9538_Write_Register
                0x00000000080012b8       0x40 ./Core/Src/pca9538.o
                0x00000000080012b8                PCA9538_Write_Register
 .text.PCA9538_Read_Inputs
                0x00000000080012f8       0x22 ./Core/Src/pca9538.o
                0x00000000080012f8                PCA9538_Read_Inputs
 *fill*         0x000000000800131a        0x2 
 .text.UART_Transmit
                0x000000000800131c       0x2c ./Core/Src/sdk_uart.o
                0x000000000800131c                UART_Transmit
 .text.HAL_MspInit
                0x0000000008001348       0x50 ./Core/Src/stm32f4xx_hal_msp.o
                0x0000000008001348                HAL_MspInit
 .text.NMI_Handler
                0x0000000008001398        0x6 ./Core/Src/stm32f4xx_it.o
                0x0000000008001398                NMI_Handler
 .text.HardFault_Handler
                0x000000000800139e        0x6 ./Core/Src/stm32f4xx_it.o
                0x000000000800139e                HardFault_Handler
 .text.MemManage_Handler
                0x00000000080013a4        0x6 ./Core/Src/stm32f4xx_it.o
                0x00000000080013a4                MemManage_Handler
 .text.BusFault_Handler
                0x00000000080013aa        0x6 ./Core/Src/stm32f4xx_it.o
                0x00000000080013aa                BusFault_Handler
 .text.UsageFault_Handler
                0x00000000080013b0        0x6 ./Core/Src/stm32f4xx_it.o
                0x00000000080013b0                UsageFault_Handler
 .text.SVC_Handler
                0x00000000080013b6        0xe ./Core/Src/stm32f4xx_it.o
                0x00000000080013b6                SVC_Handler
 .text.DebugMon_Handler
                0x00000000080013c4        0xe ./Core/Src/stm32f4xx_it.o
                0x00000000080013c4                DebugMon_Handler
 .text.PendSV_Handler
                0x00000000080013d2        0xe ./Core/Src/stm32f4xx_it.o
                0x00000000080013d2                PendSV_Handler
 .text.SysTick_Handler
                0x00000000080013e0        0xc ./Core/Src/stm32f4xx_it.o
                0x00000000080013e0                SysTick_Handler
 .text.SystemInit
                0x00000000080013ec       0x24 ./Core/Src/system_stm32f4xx.o
                0x00000000080013ec                SystemInit
 .text.MX_TIM2_Init
                0x0000000008001410       0xb0 ./Core/Src/tim.o
                0x0000000008001410                MX_TIM2_Init
 .text.MX_TIM4_Init
                0x00000000080014c0      0x104 ./Core/Src/tim.o
                0x00000000080014c0                MX_TIM4_Init
 .text.MX_TIM7_Init
                0x00000000080015c4       0x6c ./Core/Src/tim.o
                0x00000000080015c4                MX_TIM7_Init
 .text.HAL_TIM_PWM_MspInit
                0x0000000008001630       0x40 ./Core/Src/tim.o
                0x0000000008001630                HAL_TIM_PWM_MspInit
 .text.HAL_TIM_Base_MspInit
                0x0000000008001670       0x70 ./Core/Src/tim.o
                0x0000000008001670                HAL_TIM_Base_MspInit
 .text.HAL_TIM_MspPostInit
                0x00000000080016e0       0xc0 ./Core/Src/tim.o
                0x00000000080016e0                HAL_TIM_MspPostInit
 .text.MX_USART6_UART_Init
                0x00000000080017a0       0x54 ./Core/Src/usart.o
                0x00000000080017a0                MX_USART6_UART_Init
 .text.HAL_UART_MspInit
                0x00000000080017f4       0x90 ./Core/Src/usart.o
                0x00000000080017f4                HAL_UART_MspInit
 .text.Reset_Handler
                0x0000000008001884       0x50 ./Core/Startup/startup_stm32f427vitx.o
                0x0000000008001884                Reset_Handler
 .text.Default_Handler
                0x00000000080018d4        0x2 ./Core/Startup/startup_stm32f427vitx.o
                0x00000000080018d4                RTC_Alarm_IRQHandler
                0x00000000080018d4                HASH_RNG_IRQHandler
                0x00000000080018d4                EXTI2_IRQHandler
                0x00000000080018d4                TIM8_CC_IRQHandler
                0x00000000080018d4                UART8_IRQHandler
                0x00000000080018d4                SPI4_IRQHandler
                0x00000000080018d4                TIM1_CC_IRQHandler
                0x00000000080018d4                DMA2_Stream5_IRQHandler
                0x00000000080018d4                DMA1_Stream5_IRQHandler
                0x00000000080018d4                PVD_IRQHandler
                0x00000000080018d4                SDIO_IRQHandler
                0x00000000080018d4                TAMP_STAMP_IRQHandler
                0x00000000080018d4                CAN2_RX1_IRQHandler
                0x00000000080018d4                EXTI3_IRQHandler
                0x00000000080018d4                TIM8_TRG_COM_TIM14_IRQHandler
                0x00000000080018d4                TIM1_UP_TIM10_IRQHandler
                0x00000000080018d4                TIM8_UP_TIM13_IRQHandler
                0x00000000080018d4                I2C3_ER_IRQHandler
                0x00000000080018d4                EXTI0_IRQHandler
                0x00000000080018d4                I2C2_EV_IRQHandler
                0x00000000080018d4                DMA1_Stream2_IRQHandler
                0x00000000080018d4                CAN1_RX0_IRQHandler
                0x00000000080018d4                FPU_IRQHandler
                0x00000000080018d4                OTG_HS_WKUP_IRQHandler
                0x00000000080018d4                CAN2_SCE_IRQHandler
                0x00000000080018d4                DMA2_Stream2_IRQHandler
                0x00000000080018d4                SPI1_IRQHandler
                0x00000000080018d4                TIM6_DAC_IRQHandler
                0x00000000080018d4                TIM1_BRK_TIM9_IRQHandler
                0x00000000080018d4                DCMI_IRQHandler
                0x00000000080018d4                CAN2_RX0_IRQHandler
                0x00000000080018d4                DMA2_Stream3_IRQHandler
                0x00000000080018d4                USART6_IRQHandler
                0x00000000080018d4                USART3_IRQHandler
                0x00000000080018d4                CAN1_RX1_IRQHandler
                0x00000000080018d4                UART5_IRQHandler
                0x00000000080018d4                DMA2_Stream0_IRQHandler
                0x00000000080018d4                TIM4_IRQHandler
                0x00000000080018d4                I2C1_EV_IRQHandler
                0x00000000080018d4                DMA1_Stream6_IRQHandler
                0x00000000080018d4                DMA1_Stream1_IRQHandler
                0x00000000080018d4                UART4_IRQHandler
                0x00000000080018d4                TIM3_IRQHandler
                0x00000000080018d4                RCC_IRQHandler
                0x00000000080018d4                TIM8_BRK_TIM12_IRQHandler
                0x00000000080018d4                Default_Handler
                0x00000000080018d4                EXTI15_10_IRQHandler
                0x00000000080018d4                ADC_IRQHandler
                0x00000000080018d4                DMA1_Stream7_IRQHandler
                0x00000000080018d4                SPI5_IRQHandler
                0x00000000080018d4                TIM7_IRQHandler
                0x00000000080018d4                CAN2_TX_IRQHandler
                0x00000000080018d4                TIM5_IRQHandler
                0x00000000080018d4                DMA2_Stream7_IRQHandler
                0x00000000080018d4                I2C3_EV_IRQHandler
                0x00000000080018d4                EXTI9_5_IRQHandler
                0x00000000080018d4                RTC_WKUP_IRQHandler
                0x00000000080018d4                ETH_WKUP_IRQHandler
                0x00000000080018d4                SPI2_IRQHandler
                0x00000000080018d4                OTG_HS_EP1_IN_IRQHandler
                0x00000000080018d4                DMA1_Stream0_IRQHandler
                0x00000000080018d4                CAN1_TX_IRQHandler
                0x00000000080018d4                EXTI4_IRQHandler
                0x00000000080018d4                ETH_IRQHandler
                0x00000000080018d4                OTG_HS_EP1_OUT_IRQHandler
                0x00000000080018d4                WWDG_IRQHandler
                0x00000000080018d4                SPI6_IRQHandler
                0x00000000080018d4                TIM2_IRQHandler
                0x00000000080018d4                OTG_FS_WKUP_IRQHandler
                0x00000000080018d4                TIM1_TRG_COM_TIM11_IRQHandler
                0x00000000080018d4                OTG_HS_IRQHandler
                0x00000000080018d4                DMA2D_IRQHandler
                0x00000000080018d4                EXTI1_IRQHandler
                0x00000000080018d4                UART7_IRQHandler
                0x00000000080018d4                USART2_IRQHandler
                0x00000000080018d4                I2C2_ER_IRQHandler
                0x00000000080018d4                DMA2_Stream1_IRQHandler
                0x00000000080018d4                CAN1_SCE_IRQHandler
                0x00000000080018d4                FLASH_IRQHandler
                0x00000000080018d4                DMA2_Stream4_IRQHandler
                0x00000000080018d4                USART1_IRQHandler
                0x00000000080018d4                OTG_FS_IRQHandler
                0x00000000080018d4                SPI3_IRQHandler
                0x00000000080018d4                DMA1_Stream4_IRQHandler
                0x00000000080018d4                I2C1_ER_IRQHandler
                0x00000000080018d4                FMC_IRQHandler
                0x00000000080018d4                DMA2_Stream6_IRQHandler
                0x00000000080018d4                SAI1_IRQHandler
                0x00000000080018d4                DMA1_Stream3_IRQHandler
 *fill*         0x00000000080018d6        0x2 
 .text.HAL_Init
                0x00000000080018d8       0x44 ./Drivers/STM32F4xx_HAL_Driver/Src/stm32f4xx_hal.o
                0x00000000080018d8                HAL_Init
 .text.HAL_InitTick
                0x000000000800191c       0x60 ./Drivers/STM32F4xx_HAL_Driver/Src/stm32f4xx_hal.o
                0x000000000800191c                HAL_InitTick
 .text.HAL_IncTick
                0x000000000800197c       0x28 ./Drivers/STM32F4xx_HAL_Driver/Src/stm32f4xx_hal.o
                0x000000000800197c                HAL_IncTick
 .text.HAL_GetTick
                0x00000000080019a4       0x18 ./Drivers/STM32F4xx_HAL_Driver/Src/stm32f4xx_hal.o
                0x00000000080019a4                HAL_GetTick
 .text.HAL_Delay
                0x00000000080019bc       0x48 ./Drivers/STM32F4xx_HAL_Driver/Src/stm32f4xx_hal.o
                0x00000000080019bc                HAL_Delay
 .text.__NVIC_SetPriorityGrouping
                0x0000000008001a04       0x48 ./Drivers/STM32F4xx_HAL_Driver/Src/stm32f4xx_hal_cortex.o
 .text.__NVIC_GetPriorityGrouping
                0x0000000008001a4c       0x1c ./Drivers/STM32F4xx_HAL_Driver/Src/stm32f4xx_hal_cortex.o
 .text.__NVIC_SetPriority
                0x0000000008001a68       0x54 ./Drivers/STM32F4xx_HAL_Driver/Src/stm32f4xx_hal_cortex.o
 .text.NVIC_EncodePriority
                0x0000000008001abc       0x66 ./Drivers/STM32F4xx_HAL_Driver/Src/stm32f4xx_hal_cortex.o
 *fill*         0x0000000008001b22        0x2 
 .text.SysTick_Config
                0x0000000008001b24       0x44 ./Drivers/STM32F4xx_HAL_Driver/Src/stm32f4xx_hal_cortex.o
 .text.HAL_NVIC_SetPriorityGrouping
                0x0000000008001b68       0x16 ./Drivers/STM32F4xx_HAL_Driver/Src/stm32f4xx_hal_cortex.o
                0x0000000008001b68                HAL_NVIC_SetPriorityGrouping
 .text.HAL_NVIC_SetPriority
                0x0000000008001b7e       0x38 ./Drivers/STM32F4xx_HAL_Driver/Src/stm32f4xx_hal_cortex.o
                0x0000000008001b7e                HAL_NVIC_SetPriority
 .text.HAL_SYSTICK_Config
                0x0000000008001bb6       0x18 ./Drivers/STM32F4xx_HAL_Driver/Src/stm32f4xx_hal_cortex.o
                0x0000000008001bb6                HAL_SYSTICK_Config
 *fill*         0x0000000008001bce        0x2 
 .text.HAL_GPIO_Init
                0x0000000008001bd0      0x358 ./Drivers/STM32F4xx_HAL_Driver/Src/stm32f4xx_hal_gpio.o
                0x0000000008001bd0                HAL_GPIO_Init
 .text.HAL_GPIO_WritePin
                0x0000000008001f28       0x32 ./Drivers/STM32F4xx_HAL_Driver/Src/stm32f4xx_hal_gpio.o
                0x0000000008001f28                HAL_GPIO_WritePin
 .text.HAL_GPIO_TogglePin
                0x0000000008001f5a       0x34 ./Drivers/STM32F4xx_HAL_Driver/Src/stm32f4xx_hal_gpio.o
                0x0000000008001f5a                HAL_GPIO_TogglePin
 *fill*         0x0000000008001f8e        0x2 
 .text.HAL_I2C_Init
                0x0000000008001f90      0x288 ./Drivers/STM32F4xx_HAL_Driver/Src/stm32f4xx_hal_i2c.o
                0x0000000008001f90                HAL_I2C_Init
 .text.HAL_I2C_Mem_Write
                0x0000000008002218      0x1f4 ./Drivers/STM32F4xx_HAL_Driver/Src/stm32f4xx_hal_i2c.o
                0x0000000008002218                HAL_I2C_Mem_Write
 .text.HAL_I2C_Mem_Read
                0x000000000800240c      0x44c ./Drivers/STM32F4xx_HAL_Driver/Src/stm32f4xx_hal_i2c.o
                0x000000000800240c                HAL_I2C_Mem_Read
 .text.I2C_RequestMemoryWrite
                0x0000000008002858      0x12c ./Drivers/STM32F4xx_HAL_Driver/Src/stm32f4xx_hal_i2c.o
 .text.I2C_RequestMemoryRead
                0x0000000008002984      0x1d0 ./Drivers/STM32F4xx_HAL_Driver/Src/stm32f4xx_hal_i2c.o
 .text.I2C_WaitOnFlagUntilTimeout
                0x0000000008002b54       0xae ./Drivers/STM32F4xx_HAL_Driver/Src/stm32f4xx_hal_i2c.o
 .text.I2C_WaitOnMasterAddressFlagUntilTimeout
                0x0000000008002c02       0xfe ./Drivers/STM32F4xx_HAL_Driver/Src/stm32f4xx_hal_i2c.o
 .text.I2C_WaitOnTXEFlagUntilTimeout
                0x0000000008002d00       0x82 ./Drivers/STM32F4xx_HAL_Driver/Src/stm32f4xx_hal_i2c.o
 .text.I2C_WaitOnBTFFlagUntilTimeout
                0x0000000008002d82       0x82 ./Drivers/STM32F4xx_HAL_Driver/Src/stm32f4xx_hal_i2c.o
 .text.I2C_WaitOnRXNEFlagUntilTimeout
                0x0000000008002e04       0xac ./Drivers/STM32F4xx_HAL_Driver/Src/stm32f4xx_hal_i2c.o
 .text.I2C_IsAcknowledgeFailed
                0x0000000008002eb0       0x5e ./Drivers/STM32F4xx_HAL_Driver/Src/stm32f4xx_hal_i2c.o
 .text.HAL_I2CEx_ConfigAnalogFilter
                0x0000000008002f0e       0x78 ./Drivers/STM32F4xx_HAL_Driver/Src/stm32f4xx_hal_i2c_ex.o
                0x0000000008002f0e                HAL_I2CEx_ConfigAnalogFilter
 .text.HAL_I2CEx_ConfigDigitalFilter
                0x0000000008002f86       0x7e ./Drivers/STM32F4xx_HAL_Driver/Src/stm32f4xx_hal_i2c_ex.o
                0x0000000008002f86                HAL_I2CEx_ConfigDigitalFilter
 .text.HAL_RCC_OscConfig
                0x0000000008003004      0x4f0 ./Drivers/STM32F4xx_HAL_Driver/Src/stm32f4xx_hal_rcc.o
                0x0000000008003004                HAL_RCC_OscConfig
 .text.HAL_RCC_ClockConfig
                0x00000000080034f4      0x1cc ./Drivers/STM32F4xx_HAL_Driver/Src/stm32f4xx_hal_rcc.o
                0x00000000080034f4                HAL_RCC_ClockConfig
 .text.HAL_RCC_GetSysClockFreq
                0x00000000080036c0      0x18c ./Drivers/STM32F4xx_HAL_Driver/Src/stm32f4xx_hal_rcc.o
                0x00000000080036c0                HAL_RCC_GetSysClockFreq
 .text.HAL_RCC_GetHCLKFreq
                0x000000000800384c       0x18 ./Drivers/STM32F4xx_HAL_Driver/Src/stm32f4xx_hal_rcc.o
                0x000000000800384c                HAL_RCC_GetHCLKFreq
 .text.HAL_RCC_GetPCLK1Freq
                0x0000000008003864       0x28 ./Drivers/STM32F4xx_HAL_Driver/Src/stm32f4xx_hal_rcc.o
                0x0000000008003864                HAL_RCC_GetPCLK1Freq
 .text.HAL_RCC_GetPCLK2Freq
                0x000000000800388c       0x28 ./Drivers/STM32F4xx_HAL_Driver/Src/stm32f4xx_hal_rcc.o
                0x000000000800388c                HAL_RCC_GetPCLK2Freq
 .text.HAL_TIM_Base_Init
                0x00000000080038b4       0x9e ./Drivers/STM32F4xx_HAL_Driver/Src/stm32f4xx_hal_tim.o
                0x00000000080038b4                HAL_TIM_Base_Init
 *fill*         0x0000000008003952        0x2 
 .text.HAL_TIM_Base_Start_IT
                0x0000000008003954       0xe0 ./Drivers/STM32F4xx_HAL_Driver/Src/stm32f4xx_hal_tim.o
                0x0000000008003954                HAL_TIM_Base_Start_IT
 .text.HAL_TIM_OC_Start
                0x0000000008003a34      0x190 ./Drivers/STM32F4xx_HAL_Driver/Src/stm32f4xx_hal_tim.o
                0x0000000008003a34                HAL_TIM_OC_Start
 .text.HAL_TIM_PWM_Init
                0x0000000008003bc4       0x9e ./Drivers/STM32F4xx_HAL_Driver/Src/stm32f4xx_hal_tim.o
                0x0000000008003bc4                HAL_TIM_PWM_Init
 *fill*         0x0000000008003c62        0x2 
 .text.HAL_TIM_PWM_Start
                0x0000000008003c64      0x190 ./Drivers/STM32F4xx_HAL_Driver/Src/stm32f4xx_hal_tim.o
                0x0000000008003c64                HAL_TIM_PWM_Start
 .text.HAL_TIM_PWM_ConfigChannel
                0x0000000008003df4      0x184 ./Drivers/STM32F4xx_HAL_Driver/Src/stm32f4xx_hal_tim.o
                0x0000000008003df4                HAL_TIM_PWM_ConfigChannel
 .text.HAL_TIM_ConfigClockSource
                0x0000000008003f78      0x18e ./Drivers/STM32F4xx_HAL_Driver/Src/stm32f4xx_hal_tim.o
                0x0000000008003f78                HAL_TIM_ConfigClockSource
 *fill*         0x0000000008004106        0x2 
 .text.TIM_Base_SetConfig
                0x0000000008004108      0x140 ./Drivers/STM32F4xx_HAL_Driver/Src/stm32f4xx_hal_tim.o
                0x0000000008004108                TIM_Base_SetConfig
 .text.TIM_OC1_SetConfig
                0x0000000008004248       0xe0 ./Drivers/STM32F4xx_HAL_Driver/Src/stm32f4xx_hal_tim.o
 .text.TIM_OC2_SetConfig
                0x0000000008004328       0xec ./Drivers/STM32F4xx_HAL_Driver/Src/stm32f4xx_hal_tim.o
                0x0000000008004328                TIM_OC2_SetConfig
 .text.TIM_OC3_SetConfig
                0x0000000008004414       0xe8 ./Drivers/STM32F4xx_HAL_Driver/Src/stm32f4xx_hal_tim.o
 .text.TIM_OC4_SetConfig
                0x00000000080044fc       0xac ./Drivers/STM32F4xx_HAL_Driver/Src/stm32f4xx_hal_tim.o
 .text.TIM_TI1_ConfigInputStage
                0x00000000080045a8       0x5e ./Drivers/STM32F4xx_HAL_Driver/Src/stm32f4xx_hal_tim.o
 .text.TIM_TI2_ConfigInputStage
                0x0000000008004606       0x60 ./Drivers/STM32F4xx_HAL_Driver/Src/stm32f4xx_hal_tim.o
 .text.TIM_ITRx_SetConfig
                0x0000000008004666       0x36 ./Drivers/STM32F4xx_HAL_Driver/Src/stm32f4xx_hal_tim.o
 .text.TIM_ETR_SetConfig
                0x000000000800469c       0x40 ./Drivers/STM32F4xx_HAL_Driver/Src/stm32f4xx_hal_tim.o
                0x000000000800469c                TIM_ETR_SetConfig
 .text.TIM_CCxChannelCmd
                0x00000000080046dc       0x4a ./Drivers/STM32F4xx_HAL_Driver/Src/stm32f4xx_hal_tim.o
                0x00000000080046dc                TIM_CCxChannelCmd
 *fill*         0x0000000008004726        0x2 
 .text.HAL_TIMEx_MasterConfigSynchronization
                0x0000000008004728       0xf8 ./Drivers/STM32F4xx_HAL_Driver/Src/stm32f4xx_hal_tim_ex.o
                0x0000000008004728                HAL_TIMEx_MasterConfigSynchronization
 .text.HAL_UART_Init
                0x0000000008004820       0x9a ./Drivers/STM32F4xx_HAL_Driver/Src/stm32f4xx_hal_uart.o
                0x0000000008004820                HAL_UART_Init
 .text.HAL_UART_Transmit
                0x00000000080048ba      0x124 ./Drivers/STM32F4xx_HAL_Driver/Src/stm32f4xx_hal_uart.o
                0x00000000080048ba                HAL_UART_Transmit
 .text.UART_WaitOnFlagUntilTimeout
                0x00000000080049de       0xdc ./Drivers/STM32F4xx_HAL_Driver/Src/stm32f4xx_hal_uart.o
 *fill*         0x0000000008004aba        0x2 
 .text.UART_SetConfig
                0x0000000008004abc      0x4e8 ./Drivers/STM32F4xx_HAL_Driver/Src/stm32f4xx_hal_uart.o
 .text.__libc_init_array
                0x0000000008004fa4       0x48 c:/st/stm32cubeide_1.6.0/stm32cubeide/plugins/com.st.stm32cube.ide.mcu.externaltools.gnu-tools-for-stm32.10.3-2021.10.win32_1.0.0.202111181127/tools/bin/../lib/gcc/arm-none-eabi/10.3.1/../../../../arm-none-eabi/lib/thumb/v7e-m+fp/hard\libc_nano.a(lib_a-init.o)
                0x0000000008004fa4                __libc_init_array
 .text.memcpy   0x0000000008004fec       0x1c c:/st/stm32cubeide_1.6.0/stm32cubeide/plugins/com.st.stm32cube.ide.mcu.externaltools.gnu-tools-for-stm32.10.3-2021.10.win32_1.0.0.202111181127/tools/bin/../lib/gcc/arm-none-eabi/10.3.1/../../../../arm-none-eabi/lib/thumb/v7e-m+fp/hard\libc_nano.a(lib_a-memcpy-stub.o)
                0x0000000008004fec                memcpy
 .text.memset   0x0000000008005008       0x10 c:/st/stm32cubeide_1.6.0/stm32cubeide/plugins/com.st.stm32cube.ide.mcu.externaltools.gnu-tools-for-stm32.10.3-2021.10.win32_1.0.0.202111181127/tools/bin/../lib/gcc/arm-none-eabi/10.3.1/../../../../arm-none-eabi/lib/thumb/v7e-m+fp/hard\libc_nano.a(lib_a-memset.o)
                0x0000000008005008                memset
 *(.glue_7)
 .glue_7        0x0000000008005018        0x0 linker stubs
 *(.glue_7t)
 .glue_7t       0x0000000008005018        0x0 linker stubs
 *(.eh_frame)
 .eh_frame      0x0000000008005018        0x0 c:/st/stm32cubeide_1.6.0/stm32cubeide/plugins/com.st.stm32cube.ide.mcu.externaltools.gnu-tools-for-stm32.10.3-2021.10.win32_1.0.0.202111181127/tools/bin/../lib/gcc/arm-none-eabi/10.3.1/thumb/v7e-m+fp/hard/crtbegin.o
 *(.init)
 .init          0x0000000008005018        0x4 c:/st/stm32cubeide_1.6.0/stm32cubeide/plugins/com.st.stm32cube.ide.mcu.externaltools.gnu-tools-for-stm32.10.3-2021.10.win32_1.0.0.202111181127/tools/bin/../lib/gcc/arm-none-eabi/10.3.1/thumb/v7e-m+fp/hard/crti.o
                0x0000000008005018                _init
 .init          0x000000000800501c        0x8 c:/st/stm32cubeide_1.6.0/stm32cubeide/plugins/com.st.stm32cube.ide.mcu.externaltools.gnu-tools-for-stm32.10.3-2021.10.win32_1.0.0.202111181127/tools/bin/../lib/gcc/arm-none-eabi/10.3.1/thumb/v7e-m+fp/hard/crtn.o
 *(.fini)
 .fini          0x0000000008005024        0x4 c:/st/stm32cubeide_1.6.0/stm32cubeide/plugins/com.st.stm32cube.ide.mcu.externaltools.gnu-tools-for-stm32.10.3-2021.10.win32_1.0.0.202111181127/tools/bin/../lib/gcc/arm-none-eabi/10.3.1/thumb/v7e-m+fp/hard/crti.o
                0x0000000008005024                _fini
 .fini          0x0000000008005028        0x8 c:/st/stm32cubeide_1.6.0/stm32cubeide/plugins/com.st.stm32cube.ide.mcu.externaltools.gnu-tools-for-stm32.10.3-2021.10.win32_1.0.0.202111181127/tools/bin/../lib/gcc/arm-none-eabi/10.3.1/thumb/v7e-m+fp/hard/crtn.o
                0x0000000008005030                . = ALIGN (0x4)
                0x0000000008005030                _etext = .

.vfp11_veneer   0x0000000008005030        0x0
 .vfp11_veneer  0x0000000008005030        0x0 linker stubs

.v4_bx          0x0000000008005030        0x0
 .v4_bx         0x0000000008005030        0x0 linker stubs

.iplt           0x0000000008005030        0x0
 .iplt          0x0000000008005030        0x0 c:/st/stm32cubeide_1.6.0/stm32cubeide/plugins/com.st.stm32cube.ide.mcu.externaltools.gnu-tools-for-stm32.10.3-2021.10.win32_1.0.0.202111181127/tools/bin/../lib/gcc/arm-none-eabi/10.3.1/thumb/v7e-m+fp/hard/crtbegin.o

.rodata         0x0000000008005030     0x1b30
                0x0000000008005030                . = ALIGN (0x4)
 *(.rodata)
 .rodata        0x0000000008005030       0x60 ./Core/Src/kb.o
 .rodata        0x0000000008005090     0x134a ./Core/Src/main.o
 *(.rodata*)
 *fill*         0x00000000080063da        0x2 
 .rodata.Font7x10
                0x00000000080063dc      0x76c ./Core/Src/fronts.o
 .rodata.AHBPrescTable
                0x0000000008006b48       0x10 ./Core/Src/system_stm32f4xx.o
                0x0000000008006b48                AHBPrescTable
 .rodata.APBPrescTable
                0x0000000008006b58        0x8 ./Core/Src/system_stm32f4xx.o
                0x0000000008006b58                APBPrescTable
                0x0000000008006b60                . = ALIGN (0x4)

.ARM.extab      0x0000000008006b60        0x0
                0x0000000008006b60                . = ALIGN (0x4)
 *(.ARM.extab* .gnu.linkonce.armextab.*)
                0x0000000008006b60                . = ALIGN (0x4)

.ARM            0x0000000008006b60        0x8
                0x0000000008006b60                . = ALIGN (0x4)
                0x0000000008006b60                __exidx_start = .
 *(.ARM.exidx*)
 .ARM.exidx     0x0000000008006b60        0x8 c:/st/stm32cubeide_1.6.0/stm32cubeide/plugins/com.st.stm32cube.ide.mcu.externaltools.gnu-tools-for-stm32.10.3-2021.10.win32_1.0.0.202111181127/tools/bin/../lib/gcc/arm-none-eabi/10.3.1/thumb/v7e-m+fp/hard\libgcc.a(_udivmoddi4.o)
                0x0000000008006b68                __exidx_end = .
                0x0000000008006b68                . = ALIGN (0x4)

.rel.dyn        0x0000000008006b68        0x0
 .rel.iplt      0x0000000008006b68        0x0 c:/st/stm32cubeide_1.6.0/stm32cubeide/plugins/com.st.stm32cube.ide.mcu.externaltools.gnu-tools-for-stm32.10.3-2021.10.win32_1.0.0.202111181127/tools/bin/../lib/gcc/arm-none-eabi/10.3.1/thumb/v7e-m+fp/hard/crtbegin.o

.preinit_array  0x0000000008006b68        0x0
                0x0000000008006b68                . = ALIGN (0x4)
                0x0000000008006b68                PROVIDE (__preinit_array_start = .)
 *(.preinit_array*)
                0x0000000008006b68                PROVIDE (__preinit_array_end = .)
                0x0000000008006b68                . = ALIGN (0x4)

.init_array     0x0000000008006b68        0x4
                0x0000000008006b68                . = ALIGN (0x4)
                0x0000000008006b68                PROVIDE (__init_array_start = .)
 *(SORT_BY_NAME(.init_array.*))
 *(.init_array*)
 .init_array    0x0000000008006b68        0x4 c:/st/stm32cubeide_1.6.0/stm32cubeide/plugins/com.st.stm32cube.ide.mcu.externaltools.gnu-tools-for-stm32.10.3-2021.10.win32_1.0.0.202111181127/tools/bin/../lib/gcc/arm-none-eabi/10.3.1/thumb/v7e-m+fp/hard/crtbegin.o
                0x0000000008006b6c                PROVIDE (__init_array_end = .)
                0x0000000008006b6c                . = ALIGN (0x4)

.fini_array     0x0000000008006b6c        0x4
                0x0000000008006b6c                . = ALIGN (0x4)
                [!provide]                        PROVIDE (__fini_array_start = .)
 *(SORT_BY_NAME(.fini_array.*))
 *(.fini_array*)
 .fini_array    0x0000000008006b6c        0x4 c:/st/stm32cubeide_1.6.0/stm32cubeide/plugins/com.st.stm32cube.ide.mcu.externaltools.gnu-tools-for-stm32.10.3-2021.10.win32_1.0.0.202111181127/tools/bin/../lib/gcc/arm-none-eabi/10.3.1/thumb/v7e-m+fp/hard/crtbegin.o
                [!provide]                        PROVIDE (__fini_array_end = .)
                0x0000000008006b70                . = ALIGN (0x4)
                0x0000000008006b70                _sidata = LOADADDR (.data)

.data           0x0000000020000000       0x14 load address 0x0000000008006b70
                0x0000000020000000                . = ALIGN (0x4)
                0x0000000020000000                _sdata = .
 *(.data)
 *(.data*)
 .data.Font_7x10
                0x0000000020000000        0x8 ./Core/Src/fronts.o
                0x0000000020000000                Font_7x10
 .data.SystemCoreClock
                0x0000000020000008        0x4 ./Core/Src/system_stm32f4xx.o
                0x0000000020000008                SystemCoreClock
 .data.uwTickPrio
                0x000000002000000c        0x4 ./Drivers/STM32F4xx_HAL_Driver/Src/stm32f4xx_hal.o
                0x000000002000000c                uwTickPrio
 .data.uwTickFreq
                0x0000000020000010        0x1 ./Drivers/STM32F4xx_HAL_Driver/Src/stm32f4xx_hal.o
                0x0000000020000010                uwTickFreq
 *(.RamFunc)
 *(.RamFunc*)
                0x0000000020000014                . = ALIGN (0x4)
 *fill*         0x0000000020000011        0x3 
                0x0000000020000014                _edata = .
                0x0000000008006b84                _siccmram = LOADADDR (.ccmram)

.igot.plt       0x0000000020000014        0x0 load address 0x0000000008006b84
 .igot.plt      0x0000000020000014        0x0 c:/st/stm32cubeide_1.6.0/stm32cubeide/plugins/com.st.stm32cube.ide.mcu.externaltools.gnu-tools-for-stm32.10.3-2021.10.win32_1.0.0.202111181127/tools/bin/../lib/gcc/arm-none-eabi/10.3.1/thumb/v7e-m+fp/hard/crtbegin.o

.ccmram         0x0000000010000000        0x0 load address 0x0000000008006b84
                0x0000000010000000                . = ALIGN (0x4)
                0x0000000010000000                _sccmram = .
 *(.ccmram)
 *(.ccmram*)
                0x0000000010000000                . = ALIGN (0x4)
                0x0000000010000000                _eccmram = .
                0x0000000010000000                . = ALIGN (0x4)

.bss            0x0000000020000014      0x598
                0x0000000020000014                _sbss = .
                0x0000000020000014                __bss_start__ = _sbss
 *(.bss)
 .bss           0x0000000020000014       0x1c c:/st/stm32cubeide_1.6.0/stm32cubeide/plugins/com.st.stm32cube.ide.mcu.externaltools.gnu-tools-for-stm32.10.3-2021.10.win32_1.0.0.202111181127/tools/bin/../lib/gcc/arm-none-eabi/10.3.1/thumb/v7e-m+fp/hard/crtbegin.o
 *(.bss*)
 .bss.hi2c1     0x0000000020000030       0x54 ./Core/Src/i2c.o
                0x0000000020000030                hi2c1
 .bss.OLED_Buffer
                0x0000000020000084      0x400 ./Core/Src/oled.o
 .bss.OLED      0x0000000020000484        0x6 ./Core/Src/oled.o
 *fill*         0x000000002000048a        0x2 
 .bss.htim2     0x000000002000048c       0x48 ./Core/Src/tim.o
                0x000000002000048c                htim2
 .bss.htim4     0x00000000200004d4       0x48 ./Core/Src/tim.o
                0x00000000200004d4                htim4
 .bss.htim7     0x000000002000051c       0x48 ./Core/Src/tim.o
                0x000000002000051c                htim7
 .bss.huart6    0x0000000020000564       0x44 ./Core/Src/usart.o
                0x0000000020000564                huart6
 .bss.uwTick    0x00000000200005a8        0x4 ./Drivers/STM32F4xx_HAL_Driver/Src/stm32f4xx_hal.o
                0x00000000200005a8                uwTick
 *(COMMON)
                0x00000000200005ac                . = ALIGN (0x4)
                0x00000000200005ac                _ebss = .
                0x00000000200005ac                __bss_end__ = _ebss

._user_heap_stack
                0x00000000200005ac      0x604
                0x00000000200005b0                . = ALIGN (0x8)
 *fill*         0x00000000200005ac        0x4 
                [!provide]                        PROVIDE (end = .)
                0x00000000200005b0                PROVIDE (_end = .)
                0x00000000200007b0                . = (. + _Min_Heap_Size)
 *fill*         0x00000000200005b0      0x200 
                0x0000000020000bb0                . = (. + _Min_Stack_Size)
 *fill*         0x00000000200007b0      0x400 
                0x0000000020000bb0                . = ALIGN (0x8)

/DISCARD/
 libc.a(*)
 libm.a(*)
 libgcc.a(*)

.ARM.attributes
                0x0000000000000000       0x30
 *(.ARM.attributes)
 .ARM.attributes
                0x0000000000000000       0x1e c:/st/stm32cubeide_1.6.0/stm32cubeide/plugins/com.st.stm32cube.ide.mcu.externaltools.gnu-tools-for-stm32.10.3-2021.10.win32_1.0.0.202111181127/tools/bin/../lib/gcc/arm-none-eabi/10.3.1/thumb/v7e-m+fp/hard/crti.o
 .ARM.attributes
                0x000000000000001e       0x34 c:/st/stm32cubeide_1.6.0/stm32cubeide/plugins/com.st.stm32cube.ide.mcu.externaltools.gnu-tools-for-stm32.10.3-2021.10.win32_1.0.0.202111181127/tools/bin/../lib/gcc/arm-none-eabi/10.3.1/thumb/v7e-m+fp/hard/crtbegin.o
 .ARM.attributes
                0x0000000000000052       0x34 ./Core/Src/buzzer.o
 .ARM.attributes
                0x0000000000000086       0x34 ./Core/Src/fronts.o
 .ARM.attributes
                0x00000000000000ba       0x34 ./Core/Src/gpio.o
 .ARM.attributes
                0x00000000000000ee       0x34 ./Core/Src/i2c.o
 .ARM.attributes
                0x0000000000000122       0x34 ./Core/Src/kb.o
 .ARM.attributes
                0x0000000000000156       0x34 ./Core/Src/main.o
 .ARM.attributes
                0x000000000000018a       0x34 ./Core/Src/oled.o
 .ARM.attributes
                0x00000000000001be       0x34 ./Core/Src/pca9538.o
 .ARM.attributes
                0x00000000000001f2       0x34 ./Core/Src/sdk_uart.o
 .ARM.attributes
                0x0000000000000226       0x34 ./Core/Src/stm32f4xx_hal_msp.o
 .ARM.attributes
                0x000000000000025a       0x34 ./Core/Src/stm32f4xx_it.o
 .ARM.attributes
                0x000000000000028e       0x34 ./Core/Src/system_stm32f4xx.o
 .ARM.attributes
                0x00000000000002c2       0x34 ./Core/Src/tim.o
 .ARM.attributes
                0x00000000000002f6       0x34 ./Core/Src/usart.o
 .ARM.attributes
                0x000000000000032a       0x21 ./Core/Startup/startup_stm32f427vitx.o
 .ARM.attributes
                0x000000000000034b       0x34 ./Drivers/STM32F4xx_HAL_Driver/Src/stm32f4xx_hal.o
 .ARM.attributes
                0x000000000000037f       0x34 ./Drivers/STM32F4xx_HAL_Driver/Src/stm32f4xx_hal_cortex.o
 .ARM.attributes
                0x00000000000003b3       0x34 ./Drivers/STM32F4xx_HAL_Driver/Src/stm32f4xx_hal_gpio.o
 .ARM.attributes
                0x00000000000003e7       0x34 ./Drivers/STM32F4xx_HAL_Driver/Src/stm32f4xx_hal_i2c.o
 .ARM.attributes
                0x000000000000041b       0x34 ./Drivers/STM32F4xx_HAL_Driver/Src/stm32f4xx_hal_i2c_ex.o
 .ARM.attributes
                0x000000000000044f       0x34 ./Drivers/STM32F4xx_HAL_Driver/Src/stm32f4xx_hal_rcc.o
 .ARM.attributes
                0x0000000000000483       0x34 ./Drivers/STM32F4xx_HAL_Driver/Src/stm32f4xx_hal_tim.o
 .ARM.attributes
                0x00000000000004b7       0x34 ./Drivers/STM32F4xx_HAL_Driver/Src/stm32f4xx_hal_tim_ex.o
 .ARM.attributes
                0x00000000000004eb       0x34 ./Drivers/STM32F4xx_HAL_Driver/Src/stm32f4xx_hal_uart.o
 .ARM.attributes
                0x000000000000051f       0x34 c:/st/stm32cubeide_1.6.0/stm32cubeide/plugins/com.st.stm32cube.ide.mcu.externaltools.gnu-tools-for-stm32.10.3-2021.10.win32_1.0.0.202111181127/tools/bin/../lib/gcc/arm-none-eabi/10.3.1/../../../../arm-none-eabi/lib/thumb/v7e-m+fp/hard\libc_nano.a(lib_a-init.o)
 .ARM.attributes
                0x0000000000000553       0x34 c:/st/stm32cubeide_1.6.0/stm32cubeide/plugins/com.st.stm32cube.ide.mcu.externaltools.gnu-tools-for-stm32.10.3-2021.10.win32_1.0.0.202111181127/tools/bin/../lib/gcc/arm-none-eabi/10.3.1/../../../../arm-none-eabi/lib/thumb/v7e-m+fp/hard\libc_nano.a(lib_a-memcpy-stub.o)
 .ARM.attributes
                0x0000000000000587       0x34 c:/st/stm32cubeide_1.6.0/stm32cubeide/plugins/com.st.stm32cube.ide.mcu.externaltools.gnu-tools-for-stm32.10.3-2021.10.win32_1.0.0.202111181127/tools/bin/../lib/gcc/arm-none-eabi/10.3.1/../../../../arm-none-eabi/lib/thumb/v7e-m+fp/hard\libc_nano.a(lib_a-memset.o)
 .ARM.attributes
                0x00000000000005bb       0x17 c:/st/stm32cubeide_1.6.0/stm32cubeide/plugins/com.st.stm32cube.ide.mcu.externaltools.gnu-tools-for-stm32.10.3-2021.10.win32_1.0.0.202111181127/tools/bin/../lib/gcc/arm-none-eabi/10.3.1/../../../../arm-none-eabi/lib/thumb/v7e-m+fp/hard\libc_nano.a(lib_a-strlen.o)
 .ARM.attributes
                0x00000000000005d2       0x1e c:/st/stm32cubeide_1.6.0/stm32cubeide/plugins/com.st.stm32cube.ide.mcu.externaltools.gnu-tools-for-stm32.10.3-2021.10.win32_1.0.0.202111181127/tools/bin/../lib/gcc/arm-none-eabi/10.3.1/thumb/v7e-m+fp/hard\libgcc.a(_aeabi_uldivmod.o)
 .ARM.attributes
                0x00000000000005f0       0x34 c:/st/stm32cubeide_1.6.0/stm32cubeide/plugins/com.st.stm32cube.ide.mcu.externaltools.gnu-tools-for-stm32.10.3-2021.10.win32_1.0.0.202111181127/tools/bin/../lib/gcc/arm-none-eabi/10.3.1/thumb/v7e-m+fp/hard\libgcc.a(_udivmoddi4.o)
 .ARM.attributes
                0x0000000000000624       0x1e c:/st/stm32cubeide_1.6.0/stm32cubeide/plugins/com.st.stm32cube.ide.mcu.externaltools.gnu-tools-for-stm32.10.3-2021.10.win32_1.0.0.202111181127/tools/bin/../lib/gcc/arm-none-eabi/10.3.1/thumb/v7e-m+fp/hard\libgcc.a(_dvmd_tls.o)
 .ARM.attributes
                0x0000000000000642       0x1e c:/st/stm32cubeide_1.6.0/stm32cubeide/plugins/com.st.stm32cube.ide.mcu.externaltools.gnu-tools-for-stm32.10.3-2021.10.win32_1.0.0.202111181127/tools/bin/../lib/gcc/arm-none-eabi/10.3.1/thumb/v7e-m+fp/hard/crtn.o
OUTPUT(NewL.elf elf32-littlearm)
LOAD linker stubs
LOAD c:/st/stm32cubeide_1.6.0/stm32cubeide/plugins/com.st.stm32cube.ide.mcu.externaltools.gnu-tools-for-stm32.10.3-2021.10.win32_1.0.0.202111181127/tools/bin/../lib/gcc/arm-none-eabi/10.3.1/../../../../arm-none-eabi/lib/thumb/v7e-m+fp/hard\libc.a
LOAD c:/st/stm32cubeide_1.6.0/stm32cubeide/plugins/com.st.stm32cube.ide.mcu.externaltools.gnu-tools-for-stm32.10.3-2021.10.win32_1.0.0.202111181127/tools/bin/../lib/gcc/arm-none-eabi/10.3.1/../../../../arm-none-eabi/lib/thumb/v7e-m+fp/hard\libm.a
LOAD c:/st/stm32cubeide_1.6.0/stm32cubeide/plugins/com.st.stm32cube.ide.mcu.externaltools.gnu-tools-for-stm32.10.3-2021.10.win32_1.0.0.202111181127/tools/bin/../lib/gcc/arm-none-eabi/10.3.1/thumb/v7e-m+fp/hard\libgcc.a

.debug_info     0x0000000000000000    0x12dc3
 .debug_info    0x0000000000000000      0x7c3 ./Core/Src/buzzer.o
 .debug_info    0x00000000000007c3      0x1b5 ./Core/Src/fronts.o
 .debug_info    0x0000000000000978      0x4aa ./Core/Src/gpio.o
 .debug_info    0x0000000000000e22      0xa6e ./Core/Src/i2c.o
 .debug_info    0x0000000000001890      0x207 ./Core/Src/kb.o
 .debug_info    0x0000000000001a97      0xfa6 ./Core/Src/main.o
 .debug_info    0x0000000000002a3d      0xa6c ./Core/Src/oled.o
 .debug_info    0x00000000000034a9      0x875 ./Core/Src/pca9538.o
 .debug_info    0x0000000000003d1e      0x6b2 ./Core/Src/sdk_uart.o
 .debug_info    0x00000000000043d0      0x2c4 ./Core/Src/stm32f4xx_hal_msp.o
 .debug_info    0x0000000000004694      0x121 ./Core/Src/stm32f4xx_it.o
 .debug_info    0x00000000000047b5      0x53f ./Core/Src/system_stm32f4xx.o
 .debug_info    0x0000000000004cf4      0xd95 ./Core/Src/tim.o
 .debug_info    0x0000000000005a89      0x9bc ./Core/Src/usart.o
 .debug_info    0x0000000000006445       0x22 ./Core/Startup/startup_stm32f427vitx.o
 .debug_info    0x0000000000006467      0x9e8 ./Drivers/STM32F4xx_HAL_Driver/Src/stm32f4xx_hal.o
 .debug_info    0x0000000000006e4f      0xe45 ./Drivers/STM32F4xx_HAL_Driver/Src/stm32f4xx_hal_cortex.o
 .debug_info    0x0000000000007c94      0x786 ./Drivers/STM32F4xx_HAL_Driver/Src/stm32f4xx_hal_gpio.o
 .debug_info    0x000000000000841a     0x2617 ./Drivers/STM32F4xx_HAL_Driver/Src/stm32f4xx_hal_i2c.o
 .debug_info    0x000000000000aa31      0x6b6 ./Drivers/STM32F4xx_HAL_Driver/Src/stm32f4xx_hal_i2c_ex.o
 .debug_info    0x000000000000b0e7      0x982 ./Drivers/STM32F4xx_HAL_Driver/Src/stm32f4xx_hal_rcc.o
 .debug_info    0x000000000000ba69     0x2bbe ./Drivers/STM32F4xx_HAL_Driver/Src/stm32f4xx_hal_tim.o
 .debug_info    0x000000000000e627     0x15e0 ./Drivers/STM32F4xx_HAL_Driver/Src/stm32f4xx_hal_tim_ex.o
 .debug_info    0x000000000000fc07     0x31bc ./Drivers/STM32F4xx_HAL_Driver/Src/stm32f4xx_hal_uart.o

.debug_abbrev   0x0000000000000000     0x2b2b
 .debug_abbrev  0x0000000000000000      0x1f7 ./Core/Src/buzzer.o
 .debug_abbrev  0x00000000000001f7       0xad ./Core/Src/fronts.o
 .debug_abbrev  0x00000000000002a4      0x146 ./Core/Src/gpio.o
 .debug_abbrev  0x00000000000003ea      0x1f7 ./Core/Src/i2c.o
 .debug_abbrev  0x00000000000005e1      0x110 ./Core/Src/kb.o
 .debug_abbrev  0x00000000000006f1      0x2fc ./Core/Src/main.o
 .debug_abbrev  0x00000000000009ed      0x21f ./Core/Src/oled.o
 .debug_abbrev  0x0000000000000c0c      0x1bf ./Core/Src/pca9538.o
 .debug_abbrev  0x0000000000000dcb      0x1a3 ./Core/Src/sdk_uart.o
 .debug_abbrev  0x0000000000000f6e       0xd4 ./Core/Src/stm32f4xx_hal_msp.o
 .debug_abbrev  0x0000000000001042       0x74 ./Core/Src/stm32f4xx_it.o
 .debug_abbrev  0x00000000000010b6      0x116 ./Core/Src/system_stm32f4xx.o
 .debug_abbrev  0x00000000000011cc      0x23c ./Core/Src/tim.o
 .debug_abbrev  0x0000000000001408      0x1e7 ./Core/Src/usart.o
 .debug_abbrev  0x00000000000015ef       0x12 ./Core/Startup/startup_stm32f427vitx.o
 .debug_abbrev  0x0000000000001601      0x20d ./Drivers/STM32F4xx_HAL_Driver/Src/stm32f4xx_hal.o
 .debug_abbrev  0x000000000000180e      0x316 ./Drivers/STM32F4xx_HAL_Driver/Src/stm32f4xx_hal_cortex.o
 .debug_abbrev  0x0000000000001b24      0x1c4 ./Drivers/STM32F4xx_HAL_Driver/Src/stm32f4xx_hal_gpio.o
 .debug_abbrev  0x0000000000001ce8      0x297 ./Drivers/STM32F4xx_HAL_Driver/Src/stm32f4xx_hal_i2c.o
 .debug_abbrev  0x0000000000001f7f      0x14c ./Drivers/STM32F4xx_HAL_Driver/Src/stm32f4xx_hal_i2c_ex.o
 .debug_abbrev  0x00000000000020cb      0x2aa ./Drivers/STM32F4xx_HAL_Driver/Src/stm32f4xx_hal_rcc.o
 .debug_abbrev  0x0000000000002375      0x25d ./Drivers/STM32F4xx_HAL_Driver/Src/stm32f4xx_hal_tim.o
 .debug_abbrev  0x00000000000025d2      0x265 ./Drivers/STM32F4xx_HAL_Driver/Src/stm32f4xx_hal_tim_ex.o
 .debug_abbrev  0x0000000000002837      0x2f4 ./Drivers/STM32F4xx_HAL_Driver/Src/stm32f4xx_hal_uart.o

.debug_aranges  0x0000000000000000     0x1050
 .debug_aranges
                0x0000000000000000       0x38 ./Core/Src/buzzer.o
 .debug_aranges
                0x0000000000000038       0x18 ./Core/Src/fronts.o
 .debug_aranges
                0x0000000000000050       0x20 ./Core/Src/gpio.o
 .debug_aranges
                0x0000000000000070       0x30 ./Core/Src/i2c.o
 .debug_aranges
                0x00000000000000a0       0x28 ./Core/Src/kb.o
 .debug_aranges
                0x00000000000000c8       0x60 ./Core/Src/main.o
 .debug_aranges
                0x0000000000000128       0x70 ./Core/Src/oled.o
 .debug_aranges
                0x0000000000000198       0x40 ./Core/Src/pca9538.o
 .debug_aranges
                0x00000000000001d8       0x28 ./Core/Src/sdk_uart.o
 .debug_aranges
                0x0000000000000200       0x20 ./Core/Src/stm32f4xx_hal_msp.o
 .debug_aranges
                0x0000000000000220       0x60 ./Core/Src/stm32f4xx_it.o
 .debug_aranges
                0x0000000000000280       0x28 ./Core/Src/system_stm32f4xx.o
 .debug_aranges
                0x00000000000002a8       0x58 ./Core/Src/tim.o
 .debug_aranges
                0x0000000000000300       0x30 ./Core/Src/usart.o
 .debug_aranges
                0x0000000000000330       0x28 ./Core/Startup/startup_stm32f427vitx.o
 .debug_aranges
                0x0000000000000358      0x100 ./Drivers/STM32F4xx_HAL_Driver/Src/stm32f4xx_hal.o
 .debug_aranges
                0x0000000000000458      0x118 ./Drivers/STM32F4xx_HAL_Driver/Src/stm32f4xx_hal_cortex.o
 .debug_aranges
                0x0000000000000570       0x58 ./Drivers/STM32F4xx_HAL_Driver/Src/stm32f4xx_hal_gpio.o
 .debug_aranges
                0x00000000000005c8      0x2a0 ./Drivers/STM32F4xx_HAL_Driver/Src/stm32f4xx_hal_i2c.o
 .debug_aranges
                0x0000000000000868       0x28 ./Drivers/STM32F4xx_HAL_Driver/Src/stm32f4xx_hal_i2c_ex.o
 .debug_aranges
                0x0000000000000890       0x88 ./Drivers/STM32F4xx_HAL_Driver/Src/stm32f4xx_hal_rcc.o
 .debug_aranges
                0x0000000000000918      0x3d0 ./Drivers/STM32F4xx_HAL_Driver/Src/stm32f4xx_hal_tim.o
 .debug_aranges
                0x0000000000000ce8      0x168 ./Drivers/STM32F4xx_HAL_Driver/Src/stm32f4xx_hal_tim_ex.o
 .debug_aranges
                0x0000000000000e50      0x200 ./Drivers/STM32F4xx_HAL_Driver/Src/stm32f4xx_hal_uart.o

.debug_ranges   0x0000000000000000      0xf18
 .debug_ranges  0x0000000000000000       0x28 ./Core/Src/buzzer.o
 .debug_ranges  0x0000000000000028       0x10 ./Core/Src/gpio.o
 .debug_ranges  0x0000000000000038       0x20 ./Core/Src/i2c.o
 .debug_ranges  0x0000000000000058       0x18 ./Core/Src/kb.o
 .debug_ranges  0x0000000000000070       0x50 ./Core/Src/main.o
 .debug_ranges  0x00000000000000c0       0x60 ./Core/Src/oled.o
 .debug_ranges  0x0000000000000120       0x30 ./Core/Src/pca9538.o
 .debug_ranges  0x0000000000000150       0x18 ./Core/Src/sdk_uart.o
 .debug_ranges  0x0000000000000168       0x10 ./Core/Src/stm32f4xx_hal_msp.o
 .debug_ranges  0x0000000000000178       0x50 ./Core/Src/stm32f4xx_it.o
 .debug_ranges  0x00000000000001c8       0x18 ./Core/Src/system_stm32f4xx.o
 .debug_ranges  0x00000000000001e0       0x48 ./Core/Src/tim.o
 .debug_ranges  0x0000000000000228       0x20 ./Core/Src/usart.o
 .debug_ranges  0x0000000000000248       0x20 ./Core/Startup/startup_stm32f427vitx.o
 .debug_ranges  0x0000000000000268       0xf0 ./Drivers/STM32F4xx_HAL_Driver/Src/stm32f4xx_hal.o
 .debug_ranges  0x0000000000000358      0x108 ./Drivers/STM32F4xx_HAL_Driver/Src/stm32f4xx_hal_cortex.o
 .debug_ranges  0x0000000000000460       0x48 ./Drivers/STM32F4xx_HAL_Driver/Src/stm32f4xx_hal_gpio.o
 .debug_ranges  0x00000000000004a8      0x2a8 ./Drivers/STM32F4xx_HAL_Driver/Src/stm32f4xx_hal_i2c.o
 .debug_ranges  0x0000000000000750       0x18 ./Drivers/STM32F4xx_HAL_Driver/Src/stm32f4xx_hal_i2c_ex.o
 .debug_ranges  0x0000000000000768       0x78 ./Drivers/STM32F4xx_HAL_Driver/Src/stm32f4xx_hal_rcc.o
 .debug_ranges  0x00000000000007e0      0x3c0 ./Drivers/STM32F4xx_HAL_Driver/Src/stm32f4xx_hal_tim.o
 .debug_ranges  0x0000000000000ba0      0x158 ./Drivers/STM32F4xx_HAL_Driver/Src/stm32f4xx_hal_tim_ex.o
 .debug_ranges  0x0000000000000cf8      0x220 ./Drivers/STM32F4xx_HAL_Driver/Src/stm32f4xx_hal_uart.o

.debug_macro    0x0000000000000000    0x248bf
 .debug_macro   0x0000000000000000      0x20a ./Core/Src/buzzer.o
 .debug_macro   0x000000000000020a      0xa78 ./Core/Src/buzzer.o
 .debug_macro   0x0000000000000c82      0x2a1 ./Core/Src/buzzer.o
 .debug_macro   0x0000000000000f23       0x2e ./Core/Src/buzzer.o
 .debug_macro   0x0000000000000f51       0x28 ./Core/Src/buzzer.o
 .debug_macro   0x0000000000000f79       0x22 ./Core/Src/buzzer.o
 .debug_macro   0x0000000000000f9b       0x8e ./Core/Src/buzzer.o
 .debug_macro   0x0000000000001029       0x51 ./Core/Src/buzzer.o
 .debug_macro   0x000000000000107a      0x103 ./Core/Src/buzzer.o
 .debug_macro   0x000000000000117d       0x6a ./Core/Src/buzzer.o
 .debug_macro   0x00000000000011e7      0x1df ./Core/Src/buzzer.o
 .debug_macro   0x00000000000013c6       0x1c ./Core/Src/buzzer.o
 .debug_macro   0x00000000000013e2       0x22 ./Core/Src/buzzer.o
 .debug_macro   0x0000000000001404       0xd9 ./Core/Src/buzzer.o
 .debug_macro   0x00000000000014dd     0x102d ./Core/Src/buzzer.o
 .debug_macro   0x000000000000250a      0x11f ./Core/Src/buzzer.o
 .debug_macro   0x0000000000002629    0x178a0 ./Core/Src/buzzer.o
 .debug_macro   0x0000000000019ec9       0x6d ./Core/Src/buzzer.o
 .debug_macro   0x0000000000019f36     0x36f5 ./Core/Src/buzzer.o
 .debug_macro   0x000000000001d62b      0x174 ./Core/Src/buzzer.o
 .debug_macro   0x000000000001d79f       0x5c ./Core/Src/buzzer.o
 .debug_macro   0x000000000001d7fb      0xc6d ./Core/Src/buzzer.o
 .debug_macro   0x000000000001e468      0x9fe ./Core/Src/buzzer.o
 .debug_macro   0x000000000001ee66      0x115 ./Core/Src/buzzer.o
 .debug_macro   0x000000000001ef7b      0x16f ./Core/Src/buzzer.o
 .debug_macro   0x000000000001f0ea       0xa5 ./Core/Src/buzzer.o
 .debug_macro   0x000000000001f18f      0x182 ./Core/Src/buzzer.o
 .debug_macro   0x000000000001f311      0x287 ./Core/Src/buzzer.o
 .debug_macro   0x000000000001f598       0x5f ./Core/Src/buzzer.o
 .debug_macro   0x000000000001f5f7      0x236 ./Core/Src/buzzer.o
 .debug_macro   0x000000000001f82d      0x132 ./Core/Src/buzzer.o
 .debug_macro   0x000000000001f95f      0x41d ./Core/Src/buzzer.o
 .debug_macro   0x000000000001fd7c       0x2e ./Core/Src/buzzer.o
 .debug_macro   0x000000000001fdaa      0x1b5 ./Core/Src/buzzer.o
 .debug_macro   0x000000000001ff5f       0x22 ./Core/Src/buzzer.o
 .debug_macro   0x000000000001ff81       0xd6 ./Core/Src/buzzer.o
 .debug_macro   0x0000000000020057      0x11a ./Core/Src/buzzer.o
 .debug_macro   0x0000000000020171       0xe2 ./Core/Src/buzzer.o
 .debug_macro   0x0000000000020253       0x89 ./Core/Src/buzzer.o
 .debug_macro   0x00000000000202dc      0x8e6 ./Core/Src/buzzer.o
 .debug_macro   0x0000000000020bc2       0x47 ./Core/Src/buzzer.o
 .debug_macro   0x0000000000020c09      0x295 ./Core/Src/buzzer.o
 .debug_macro   0x0000000000020e9e      0x134 ./Core/Src/buzzer.o
 .debug_macro   0x0000000000020fd2      0x226 ./Core/Src/buzzer.o
 .debug_macro   0x00000000000211f8      0x1f1 ./Core/Src/fronts.o
 .debug_macro   0x00000000000213e9      0x1fb ./Core/Src/gpio.o
 .debug_macro   0x00000000000215e4      0x1fb ./Core/Src/i2c.o
 .debug_macro   0x00000000000217df      0x221 ./Core/Src/kb.o
 .debug_macro   0x0000000000021a00       0x16 ./Core/Src/kb.o
 .debug_macro   0x0000000000021a16       0x22 ./Core/Src/kb.o
 .debug_macro   0x0000000000021a38      0x259 ./Core/Src/main.o
 .debug_macro   0x0000000000021c91      0x22c ./Core/Src/main.o
 .debug_macro   0x0000000000021ebd       0x22 ./Core/Src/main.o
 .debug_macro   0x0000000000021edf      0x20e ./Core/Src/oled.o
 .debug_macro   0x00000000000220ed      0x212 ./Core/Src/pca9538.o
 .debug_macro   0x00000000000222ff      0x2d3 ./Core/Src/sdk_uart.o
 .debug_macro   0x00000000000225d2       0x52 ./Core/Src/sdk_uart.o
 .debug_macro   0x0000000000022624       0x1e ./Core/Src/sdk_uart.o
 .debug_macro   0x0000000000022642       0x3c ./Core/Src/sdk_uart.o
 .debug_macro   0x000000000002267e       0x34 ./Core/Src/sdk_uart.o
 .debug_macro   0x00000000000226b2       0x16 ./Core/Src/sdk_uart.o
 .debug_macro   0x00000000000226c8       0x43 ./Core/Src/sdk_uart.o
 .debug_macro   0x000000000002270b       0x34 ./Core/Src/sdk_uart.o
 .debug_macro   0x000000000002273f       0x10 ./Core/Src/sdk_uart.o
 .debug_macro   0x000000000002274f       0x58 ./Core/Src/sdk_uart.o
 .debug_macro   0x00000000000227a7       0x71 ./Core/Src/sdk_uart.o
 .debug_macro   0x0000000000022818       0x1c ./Core/Src/sdk_uart.o
 .debug_macro   0x0000000000022834      0x12a ./Core/Src/sdk_uart.o
 .debug_macro   0x000000000002295e      0x341 ./Core/Src/sdk_uart.o
 .debug_macro   0x0000000000022c9f       0x10 ./Core/Src/sdk_uart.o
 .debug_macro   0x0000000000022caf       0x35 ./Core/Src/sdk_uart.o
 .debug_macro   0x0000000000022ce4       0x20 ./Core/Src/sdk_uart.o
 .debug_macro   0x0000000000022d04      0x1f1 ./Core/Src/stm32f4xx_hal_msp.o
 .debug_macro   0x0000000000022ef5      0x1fb ./Core/Src/stm32f4xx_it.o
 .debug_macro   0x00000000000230f0      0x1e7 ./Core/Src/system_stm32f4xx.o
 .debug_macro   0x00000000000232d7      0x1fb ./Core/Src/tim.o
 .debug_macro   0x00000000000234d2      0x1fb ./Core/Src/usart.o
 .debug_macro   0x00000000000236cd      0x247 ./Drivers/STM32F4xx_HAL_Driver/Src/stm32f4xx_hal.o
 .debug_macro   0x0000000000023914      0x1e7 ./Drivers/STM32F4xx_HAL_Driver/Src/stm32f4xx_hal_cortex.o
 .debug_macro   0x0000000000023afb      0x1ed ./Drivers/STM32F4xx_HAL_Driver/Src/stm32f4xx_hal_gpio.o
 .debug_macro   0x0000000000023ce8      0x22e ./Drivers/STM32F4xx_HAL_Driver/Src/stm32f4xx_hal_i2c.o
 .debug_macro   0x0000000000023f16      0x1e7 ./Drivers/STM32F4xx_HAL_Driver/Src/stm32f4xx_hal_i2c_ex.o
 .debug_macro   0x00000000000240fd      0x20b ./Drivers/STM32F4xx_HAL_Driver/Src/stm32f4xx_hal_rcc.o
 .debug_macro   0x0000000000024308      0x1e8 ./Drivers/STM32F4xx_HAL_Driver/Src/stm32f4xx_hal_tim.o
 .debug_macro   0x00000000000244f0      0x1e7 ./Drivers/STM32F4xx_HAL_Driver/Src/stm32f4xx_hal_tim_ex.o
 .debug_macro   0x00000000000246d7      0x1e8 ./Drivers/STM32F4xx_HAL_Driver/Src/stm32f4xx_hal_uart.o

.debug_line     0x0000000000000000    0x159df
 .debug_line    0x0000000000000000      0x78d ./Core/Src/buzzer.o
 .debug_line    0x000000000000078d      0x6c6 ./Core/Src/fronts.o
 .debug_line    0x0000000000000e53      0x6f9 ./Core/Src/gpio.o
 .debug_line    0x000000000000154c      0x765 ./Core/Src/i2c.o
 .debug_line    0x0000000000001cb1      0x7dc ./Core/Src/kb.o
 .debug_line    0x000000000000248d      0x9dc ./Core/Src/main.o
 .debug_line    0x0000000000002e69      0x993 ./Core/Src/oled.o
 .debug_line    0x00000000000037fc      0x7b5 ./Core/Src/pca9538.o
 .debug_line    0x0000000000003fb1      0x86f ./Core/Src/sdk_uart.o
 .debug_line    0x0000000000004820      0x6e8 ./Core/Src/stm32f4xx_hal_msp.o
 .debug_line    0x0000000000004f08      0x7ab ./Core/Src/stm32f4xx_it.o
 .debug_line    0x00000000000056b3      0x76a ./Core/Src/system_stm32f4xx.o
 .debug_line    0x0000000000005e1d      0x8bf ./Core/Src/tim.o
 .debug_line    0x00000000000066dc      0x752 ./Core/Src/usart.o
 .debug_line    0x0000000000006e2e       0x88 ./Core/Startup/startup_stm32f427vitx.o
 .debug_line    0x0000000000006eb6      0xa06 ./Drivers/STM32F4xx_HAL_Driver/Src/stm32f4xx_hal.o
 .debug_line    0x00000000000078bc      0xc7f ./Drivers/STM32F4xx_HAL_Driver/Src/stm32f4xx_hal_cortex.o
 .debug_line    0x000000000000853b      0xb6c ./Drivers/STM32F4xx_HAL_Driver/Src/stm32f4xx_hal_gpio.o
 .debug_line    0x00000000000090a7     0x3985 ./Drivers/STM32F4xx_HAL_Driver/Src/stm32f4xx_hal_i2c.o
 .debug_line    0x000000000000ca2c      0x763 ./Drivers/STM32F4xx_HAL_Driver/Src/stm32f4xx_hal_i2c_ex.o
 .debug_line    0x000000000000d18f      0xd4a ./Drivers/STM32F4xx_HAL_Driver/Src/stm32f4xx_hal_rcc.o
 .debug_line    0x000000000000ded9     0x36c4 ./Drivers/STM32F4xx_HAL_Driver/Src/stm32f4xx_hal_tim.o
 .debug_line    0x000000000001159d     0x19cd ./Drivers/STM32F4xx_HAL_Driver/Src/stm32f4xx_hal_tim_ex.o
 .debug_line    0x0000000000012f6a     0x2a75 ./Drivers/STM32F4xx_HAL_Driver/Src/stm32f4xx_hal_uart.o

.debug_str      0x0000000000000000    0xd9480
 .debug_str     0x0000000000000000    0xd2068 ./Core/Src/buzzer.o
                                      0xd23a3 (size before relaxing)
 .debug_str     0x00000000000d2068       0x80 ./Core/Src/fronts.o
                                      0xd1a78 (size before relaxing)
 .debug_str     0x00000000000d20e8      0x1e9 ./Core/Src/gpio.o
                                      0xd1c02 (size before relaxing)
 .debug_str     0x00000000000d22d1      0x2e6 ./Core/Src/i2c.o
                                      0xd2171 (size before relaxing)
 .debug_str     0x00000000000d25b7      0x12d ./Core/Src/kb.o
                                      0xd1b86 (size before relaxing)
 .debug_str     0x00000000000d26e4      0x343 ./Core/Src/main.o
                                      0xd28e4 (size before relaxing)
 .debug_str     0x00000000000d2a27       0xc6 ./Core/Src/oled.o
                                      0xd20e4 (size before relaxing)
 .debug_str     0x00000000000d2aed       0x7a ./Core/Src/pca9538.o
                                      0xd2074 (size before relaxing)
 .debug_str     0x00000000000d2b67     0x3023 ./Core/Src/sdk_uart.o
                                      0xd4d2b (size before relaxing)
 .debug_str     0x00000000000d5b8a       0x2c ./Core/Src/stm32f4xx_hal_msp.o
                                      0xd1b37 (size before relaxing)
 .debug_str     0x00000000000d5bb6       0xc9 ./Core/Src/stm32f4xx_it.o
                                      0xd1aaa (size before relaxing)
 .debug_str     0x00000000000d5c7f       0xdb ./Core/Src/system_stm32f4xx.o
                                      0xd1be7 (size before relaxing)
 .debug_str     0x00000000000d5d5a      0x211 ./Core/Src/tim.o
                                      0xd2380 (size before relaxing)
 .debug_str     0x00000000000d5f6b       0x51 ./Core/Src/usart.o
                                      0xd2097 (size before relaxing)
 .debug_str     0x00000000000d5fbc       0x36 ./Core/Startup/startup_stm32f427vitx.o
                                         0x6f (size before relaxing)
 .debug_str     0x00000000000d5ff2      0xb8f ./Drivers/STM32F4xx_HAL_Driver/Src/stm32f4xx_hal.o
                                      0xd27f3 (size before relaxing)
 .debug_str     0x00000000000d6b81      0x354 ./Drivers/STM32F4xx_HAL_Driver/Src/stm32f4xx_hal_cortex.o
                                      0xd24d8 (size before relaxing)
 .debug_str     0x00000000000d6ed5      0x10e ./Drivers/STM32F4xx_HAL_Driver/Src/stm32f4xx_hal_gpio.o
                                      0xd1d62 (size before relaxing)
 .debug_str     0x00000000000d6fe3      0xad7 ./Drivers/STM32F4xx_HAL_Driver/Src/stm32f4xx_hal_i2c.o
                                      0xd2ba4 (size before relaxing)
 .debug_str     0x00000000000d7aba       0x3b ./Drivers/STM32F4xx_HAL_Driver/Src/stm32f4xx_hal_i2c_ex.o
                                      0xd1fb6 (size before relaxing)
 .debug_str     0x00000000000d7af5      0x213 ./Drivers/STM32F4xx_HAL_Driver/Src/stm32f4xx_hal_rcc.o
                                      0xd201b (size before relaxing)
 .debug_str     0x00000000000d7d08      0xd0b ./Drivers/STM32F4xx_HAL_Driver/Src/stm32f4xx_hal_tim.o
                                      0xd2f4e (size before relaxing)
 .debug_str     0x00000000000d8a13      0x493 ./Drivers/STM32F4xx_HAL_Driver/Src/stm32f4xx_hal_tim_ex.o
                                      0xd276a (size before relaxing)
 .debug_str     0x00000000000d8ea6      0x5da ./Drivers/STM32F4xx_HAL_Driver/Src/stm32f4xx_hal_uart.o
                                      0xd25a7 (size before relaxing)

.comment        0x0000000000000000       0x50
 .comment       0x0000000000000000       0x50 ./Core/Src/buzzer.o
                                         0x51 (size before relaxing)
 .comment       0x0000000000000050       0x51 ./Core/Src/fronts.o
 .comment       0x0000000000000050       0x51 ./Core/Src/gpio.o
 .comment       0x0000000000000050       0x51 ./Core/Src/i2c.o
 .comment       0x0000000000000050       0x51 ./Core/Src/kb.o
 .comment       0x0000000000000050       0x51 ./Core/Src/main.o
 .comment       0x0000000000000050       0x51 ./Core/Src/oled.o
 .comment       0x0000000000000050       0x51 ./Core/Src/pca9538.o
 .comment       0x0000000000000050       0x51 ./Core/Src/sdk_uart.o
 .comment       0x0000000000000050       0x51 ./Core/Src/stm32f4xx_hal_msp.o
 .comment       0x0000000000000050       0x51 ./Core/Src/stm32f4xx_it.o
 .comment       0x0000000000000050       0x51 ./Core/Src/system_stm32f4xx.o
 .comment       0x0000000000000050       0x51 ./Core/Src/tim.o
 .comment       0x0000000000000050       0x51 ./Core/Src/usart.o
 .comment       0x0000000000000050       0x51 ./Drivers/STM32F4xx_HAL_Driver/Src/stm32f4xx_hal.o
 .comment       0x0000000000000050       0x51 ./Drivers/STM32F4xx_HAL_Driver/Src/stm32f4xx_hal_cortex.o
 .comment       0x0000000000000050       0x51 ./Drivers/STM32F4xx_HAL_Driver/Src/stm32f4xx_hal_gpio.o
 .comment       0x0000000000000050       0x51 ./Drivers/STM32F4xx_HAL_Driver/Src/stm32f4xx_hal_i2c.o
 .comment       0x0000000000000050       0x51 ./Drivers/STM32F4xx_HAL_Driver/Src/stm32f4xx_hal_i2c_ex.o
 .comment       0x0000000000000050       0x51 ./Drivers/STM32F4xx_HAL_Driver/Src/stm32f4xx_hal_rcc.o
 .comment       0x0000000000000050       0x51 ./Drivers/STM32F4xx_HAL_Driver/Src/stm32f4xx_hal_tim.o
 .comment       0x0000000000000050       0x51 ./Drivers/STM32F4xx_HAL_Driver/Src/stm32f4xx_hal_tim_ex.o
 .comment       0x0000000000000050       0x51 ./Drivers/STM32F4xx_HAL_Driver/Src/stm32f4xx_hal_uart.o

.debug_frame    0x0000000000000000     0x4340
 .debug_frame   0x0000000000000000       0x9c ./Core/Src/buzzer.o
 .debug_frame   0x000000000000009c       0x34 ./Core/Src/gpio.o
 .debug_frame   0x00000000000000d0       0x74 ./Core/Src/i2c.o
 .debug_frame   0x0000000000000144       0x58 ./Core/Src/kb.o
 .debug_frame   0x000000000000019c      0x14c ./Core/Src/main.o
 .debug_frame   0x00000000000002e8      0x1b0 ./Core/Src/oled.o
 .debug_frame   0x0000000000000498       0xc4 ./Core/Src/pca9538.o
 .debug_frame   0x000000000000055c       0x58 ./Core/Src/sdk_uart.o
 .debug_frame   0x00000000000005b4       0x38 ./Core/Src/stm32f4xx_hal_msp.o
 .debug_frame   0x00000000000005ec      0x104 ./Core/Src/stm32f4xx_it.o
 .debug_frame   0x00000000000006f0       0x58 ./Core/Src/system_stm32f4xx.o
 .debug_frame   0x0000000000000748      0x140 ./Core/Src/tim.o
 .debug_frame   0x0000000000000888       0x74 ./Core/Src/usart.o
 .debug_frame   0x00000000000008fc      0x3b4 ./Drivers/STM32F4xx_HAL_Driver/Src/stm32f4xx_hal.o
 .debug_frame   0x0000000000000cb0      0x498 ./Drivers/STM32F4xx_HAL_Driver/Src/stm32f4xx_hal_cortex.o
 .debug_frame   0x0000000000001148      0x14c ./Drivers/STM32F4xx_HAL_Driver/Src/stm32f4xx_hal_gpio.o
 .debug_frame   0x0000000000001294      0xc5c ./Drivers/STM32F4xx_HAL_Driver/Src/stm32f4xx_hal_i2c.o
 .debug_frame   0x0000000000001ef0       0x60 ./Drivers/STM32F4xx_HAL_Driver/Src/stm32f4xx_hal_i2c_ex.o
 .debug_frame   0x0000000000001f50      0x1f4 ./Drivers/STM32F4xx_HAL_Driver/Src/stm32f4xx_hal_rcc.o
 .debug_frame   0x0000000000002144     0x11c4 ./Drivers/STM32F4xx_HAL_Driver/Src/stm32f4xx_hal_tim.o
 .debug_frame   0x0000000000003308      0x638 ./Drivers/STM32F4xx_HAL_Driver/Src/stm32f4xx_hal_tim_ex.o
 .debug_frame   0x0000000000003940      0x92c ./Drivers/STM32F4xx_HAL_Driver/Src/stm32f4xx_hal_uart.o
 .debug_frame   0x000000000000426c       0x2c c:/st/stm32cubeide_1.6.0/stm32cubeide/plugins/com.st.stm32cube.ide.mcu.externaltools.gnu-tools-for-stm32.10.3-2021.10.win32_1.0.0.202111181127/tools/bin/../lib/gcc/arm-none-eabi/10.3.1/../../../../arm-none-eabi/lib/thumb/v7e-m+fp/hard\libc_nano.a(lib_a-init.o)
 .debug_frame   0x0000000000004298       0x28 c:/st/stm32cubeide_1.6.0/stm32cubeide/plugins/com.st.stm32cube.ide.mcu.externaltools.gnu-tools-for-stm32.10.3-2021.10.win32_1.0.0.202111181127/tools/bin/../lib/gcc/arm-none-eabi/10.3.1/../../../../arm-none-eabi/lib/thumb/v7e-m+fp/hard\libc_nano.a(lib_a-memcpy-stub.o)
 .debug_frame   0x00000000000042c0       0x20 c:/st/stm32cubeide_1.6.0/stm32cubeide/plugins/com.st.stm32cube.ide.mcu.externaltools.gnu-tools-for-stm32.10.3-2021.10.win32_1.0.0.202111181127/tools/bin/../lib/gcc/arm-none-eabi/10.3.1/../../../../arm-none-eabi/lib/thumb/v7e-m+fp/hard\libc_nano.a(lib_a-memset.o)
 .debug_frame   0x00000000000042e0       0x2c c:/st/stm32cubeide_1.6.0/stm32cubeide/plugins/com.st.stm32cube.ide.mcu.externaltools.gnu-tools-for-stm32.10.3-2021.10.win32_1.0.0.202111181127/tools/bin/../lib/gcc/arm-none-eabi/10.3.1/thumb/v7e-m+fp/hard\libgcc.a(_aeabi_uldivmod.o)
 .debug_frame   0x000000000000430c       0x34 c:/st/stm32cubeide_1.6.0/stm32cubeide/plugins/com.st.stm32cube.ide.mcu.externaltools.gnu-tools-for-stm32.10.3-2021.10.win32_1.0.0.202111181127/tools/bin/../lib/gcc/arm-none-eabi/10.3.1/thumb/v7e-m+fp/hard\libgcc.a(_udivmoddi4.o)
